Archive member included to satisfy reference by file (symbol)

c:/arm-gcc/bin/../lib/gcc/arm-none-eabi/10.3.1/../../../../arm-none-eabi/lib/thumb/v7-m/nofp\libc_nano.a(lib_a-errno.o)
                              build/sysmem.o (__errno)
c:/arm-gcc/bin/../lib/gcc/arm-none-eabi/10.3.1/../../../../arm-none-eabi/lib/thumb/v7-m/nofp\libc_nano.a(lib_a-exit.o)
                              c:/arm-gcc/bin/../lib/gcc/arm-none-eabi/10.3.1/../../../../arm-none-eabi/lib/thumb/v7-m/nofp/crt0.o (exit)
c:/arm-gcc/bin/../lib/gcc/arm-none-eabi/10.3.1/../../../../arm-none-eabi/lib/thumb/v7-m/nofp\libc_nano.a(lib_a-impure.o)
                              c:/arm-gcc/bin/../lib/gcc/arm-none-eabi/10.3.1/../../../../arm-none-eabi/lib/thumb/v7-m/nofp\libc_nano.a(lib_a-exit.o) (_global_impure_ptr)
c:/arm-gcc/bin/../lib/gcc/arm-none-eabi/10.3.1/../../../../arm-none-eabi/lib/thumb/v7-m/nofp\libc_nano.a(lib_a-init.o)
                              c:/arm-gcc/bin/../lib/gcc/arm-none-eabi/10.3.1/../../../../arm-none-eabi/lib/thumb/v7-m/nofp/crt0.o (__libc_init_array)
c:/arm-gcc/bin/../lib/gcc/arm-none-eabi/10.3.1/../../../../arm-none-eabi/lib/thumb/v7-m/nofp\libc_nano.a(lib_a-memset.o)
                              c:/arm-gcc/bin/../lib/gcc/arm-none-eabi/10.3.1/../../../../arm-none-eabi/lib/thumb/v7-m/nofp/crt0.o (memset)

Discarded input sections

 .text          0x00000000        0x0 c:/arm-gcc/bin/../lib/gcc/arm-none-eabi/10.3.1/thumb/v7-m/nofp/crti.o
 .data          0x00000000        0x0 c:/arm-gcc/bin/../lib/gcc/arm-none-eabi/10.3.1/thumb/v7-m/nofp/crti.o
 .bss           0x00000000        0x0 c:/arm-gcc/bin/../lib/gcc/arm-none-eabi/10.3.1/thumb/v7-m/nofp/crti.o
 .data          0x00000000        0x4 c:/arm-gcc/bin/../lib/gcc/arm-none-eabi/10.3.1/thumb/v7-m/nofp/crtbegin.o
 .rodata        0x00000000       0x24 c:/arm-gcc/bin/../lib/gcc/arm-none-eabi/10.3.1/thumb/v7-m/nofp/crtbegin.o
 .text          0x00000000       0x7c c:/arm-gcc/bin/../lib/gcc/arm-none-eabi/10.3.1/../../../../arm-none-eabi/lib/thumb/v7-m/nofp/crt0.o
 .data          0x00000000        0x0 c:/arm-gcc/bin/../lib/gcc/arm-none-eabi/10.3.1/../../../../arm-none-eabi/lib/thumb/v7-m/nofp/crt0.o
 .bss           0x00000000        0x0 c:/arm-gcc/bin/../lib/gcc/arm-none-eabi/10.3.1/../../../../arm-none-eabi/lib/thumb/v7-m/nofp/crt0.o
 .ARM.extab     0x00000000        0x0 c:/arm-gcc/bin/../lib/gcc/arm-none-eabi/10.3.1/../../../../arm-none-eabi/lib/thumb/v7-m/nofp/crt0.o
 .ARM.exidx     0x00000000       0x10 c:/arm-gcc/bin/../lib/gcc/arm-none-eabi/10.3.1/../../../../arm-none-eabi/lib/thumb/v7-m/nofp/crt0.o
 .ARM.attributes
                0x00000000       0x1b c:/arm-gcc/bin/../lib/gcc/arm-none-eabi/10.3.1/../../../../arm-none-eabi/lib/thumb/v7-m/nofp/crt0.o
 .text          0x00000000        0x0 build/main.o
 .data          0x00000000        0x0 build/main.o
 .bss           0x00000000        0x0 build/main.o
 .bss.current_display
                0x00000000        0x4 build/main.o
 .bss.led_toggle
                0x00000000        0x4 build/main.o
 .rodata.MAX_LED
                0x00000000        0x4 build/main.o
 .rodata.MAX_LED_MATRIX
                0x00000000        0x4 build/main.o
 .text          0x00000000        0x0 build/led7seg.o
 .data          0x00000000        0x0 build/led7seg.o
 .bss           0x00000000        0x0 build/led7seg.o
 .text.control_countdown
                0x00000000       0x1c build/led7seg.o
 .text.control_countup
                0x00000000       0x1c build/led7seg.o
 .text.clear7SEG
                0x00000000       0x14 build/led7seg.o
 .text          0x00000000        0x0 build/timer.o
 .data          0x00000000        0x0 build/timer.o
 .bss           0x00000000        0x0 build/timer.o
 .text          0x00000000        0x0 build/stm32f1xx_it.o
 .data          0x00000000        0x0 build/stm32f1xx_it.o
 .bss           0x00000000        0x0 build/stm32f1xx_it.o
 .text          0x00000000        0x0 build/stm32f1xx_hal_msp.o
 .data          0x00000000        0x0 build/stm32f1xx_hal_msp.o
 .bss           0x00000000        0x0 build/stm32f1xx_hal_msp.o
 .text.HAL_TIM_Base_MspDeInit
                0x00000000       0x24 build/stm32f1xx_hal_msp.o
 .text          0x00000000        0x0 build/stm32f1xx_hal_gpio_ex.o
 .data          0x00000000        0x0 build/stm32f1xx_hal_gpio_ex.o
 .bss           0x00000000        0x0 build/stm32f1xx_hal_gpio_ex.o
 .text.HAL_GPIOEx_ConfigEventout
                0x00000000       0x14 build/stm32f1xx_hal_gpio_ex.o
 .text.HAL_GPIOEx_EnableEventout
                0x00000000       0x10 build/stm32f1xx_hal_gpio_ex.o
 .text.HAL_GPIOEx_DisableEventout
                0x00000000       0x10 build/stm32f1xx_hal_gpio_ex.o
 .debug_info    0x00000000      0x176 build/stm32f1xx_hal_gpio_ex.o
 .debug_abbrev  0x00000000       0xdc build/stm32f1xx_hal_gpio_ex.o
 .debug_loc     0x00000000       0x25 build/stm32f1xx_hal_gpio_ex.o
 .debug_aranges
                0x00000000       0x30 build/stm32f1xx_hal_gpio_ex.o
[...]
Memory Configuration

Name             Origin             Length             Attributes
RAM              0x20000000         0x00002800         xrw
FLASH            0x08000000         0x00008000         xr
*default*        0x00000000         0xffffffff

Linker script and memory map

LOAD c:/arm-gcc/bin/../lib/gcc/arm-none-eabi/10.3.1/thumb/v7-m/nofp/crti.o
LOAD c:/arm-gcc/bin/../lib/gcc/arm-none-eabi/10.3.1/thumb/v7-m/nofp/crtbegin.o
LOAD c:/arm-gcc/bin/../lib/gcc/arm-none-eabi/10.3.1/../../../../arm-none-eabi/lib/thumb/v7-m/nofp/crt0.o
LOAD build/main.o
LOAD build/led7seg.o
LOAD build/timer.o
LOAD build/stm32f1xx_it.o
LOAD build/stm32f1xx_hal_msp.o
LOAD build/stm32f1xx_hal_gpio_ex.o
LOAD build/stm32f1xx_hal_tim.o
LOAD build/stm32f1xx_hal_tim_ex.o
LOAD build/stm32f1xx_hal.o
LOAD build/stm32f1xx_hal_rcc.o
LOAD build/stm32f1xx_hal_rcc_ex.o
LOAD build/stm32f1xx_hal_gpio.o
LOAD build/stm32f1xx_hal_dma.o
LOAD build/stm32f1xx_hal_cortex.o
LOAD build/stm32f1xx_hal_pwr.o
LOAD build/stm32f1xx_hal_flash.o
LOAD build/stm32f1xx_hal_flash_ex.o
LOAD build/stm32f1xx_hal_exti.o
LOAD build/system_stm32f1xx.o
LOAD build/sysmem.o
LOAD build/syscalls.o
LOAD build/startup_stm32f103x6.o
LOAD c:/arm-gcc/bin/../lib/gcc/arm-none-eabi/10.3.1/../../../../arm-none-eabi/lib/thumb/v7-m/nofp\libc_nano.a
LOAD c:/arm-gcc/bin/../lib/gcc/arm-none-eabi/10.3.1/../../../../arm-none-eabi/lib/thumb/v7-m/nofp\libm.a
LOAD c:/arm-gcc/bin/../lib/gcc/arm-none-eabi/10.3.1/../../../../arm-none-eabi/lib/thumb/v7-m/nofp\libnosys.a
START GROUP
LOAD c:/arm-gcc/bin/../lib/gcc/arm-none-eabi/10.3.1/thumb/v7-m/nofp\libgcc.a
LOAD c:/arm-gcc/bin/../lib/gcc/arm-none-eabi/10.3.1/../../../../arm-none-eabi/lib/thumb/v7-m/nofp\libc_nano.a
END GROUP
START GROUP
LOAD c:/arm-gcc/bin/../lib/gcc/arm-none-eabi/10.3.1/thumb/v7-m/nofp\libgcc.a
LOAD c:/arm-gcc/bin/../lib/gcc/arm-none-eabi/10.3.1/../../../../arm-none-eabi/lib/thumb/v7-m/nofp\libc_nano.a
END GROUP
LOAD c:/arm-gcc/bin/../lib/gcc/arm-none-eabi/10.3.1/thumb/v7-m/nofp/crtend.o
LOAD c:/arm-gcc/bin/../lib/gcc/arm-none-eabi/10.3.1/thumb/v7-m/nofp/crtn.o
                0x20002800                _estack = (ORIGIN (RAM) + LENGTH (RAM))
                0x00000200                _Min_Heap_Size = 0x200
                0x00000400                _Min_Stack_Size = 0x400

.isr_vector     0x08000000      0x10c
                0x08000000                . = ALIGN (0x4)
 *(.isr_vector)
 .isr_vector    0x08000000      0x10c build/startup_stm32f103x6.o
                0x08000000                g_pfnVectors
                0x0800010c                . = ALIGN (0x4)

.text           0x0800010c     0x1478
                0x0800010c                . = ALIGN (0x4)
 *(.text)
 .text          0x0800010c       0x40 c:/arm-gcc/bin/../lib/gcc/arm-none-eabi/10.3.1/thumb/v7-m/nofp/crtbegin.o
 *(.text*)
 .text.MX_GPIO_Init
                0x0800014c       0xa0 build/main.o
 .text.display_row
                0x080001ec       0x58 build/main.o
                0x080001ec                display_row
 .text.updateLEDMatrix
                0x08000244       0x9c build/main.o
                0x08000244                updateLEDMatrix
 .text.updateClockBuffer
                0x080002e0       0x50 build/main.o
                0x080002e0                updateClockBuffer
 .text.HAL_TIM_PeriodElapsedCallback
                0x08000330       0x12 build/main.o
                0x08000330                HAL_TIM_PeriodElapsedCallback
 .text.Error_Handler
                0x08000342        0x4 build/main.o
                0x08000342                Error_Handler
 *fill*         0x08000346        0x2 
 .text.MX_TIM2_Init
                0x08000348       0x68 build/main.o
 .text.SystemClock_Config
                0x080003b0       0x52 build/main.o
                0x080003b0                SystemClock_Config
 *fill*         0x08000402        0x2 
 .text.main     0x08000404      0x120 build/main.o
                0x08000404                main
 .text.display7SEG
                0x08000524       0x24 build/led7seg.o
                0x08000524                display7SEG
 .text.update7SEG
                0x08000548       0x64 build/led7seg.o
                0x08000548                update7SEG
 .text.set_timer
                0x080005ac       0x28 build/timer.o
                0x080005ac                set_timer
 .text.timer_run
                0x080005d4       0x34 build/timer.o
                0x080005d4                timer_run
 .text.NMI_Handler
                0x08000608        0x2 build/stm32f1xx_it.o
                0x08000608                NMI_Handler
 .text.HardFault_Handler
                0x0800060a        0x2 build/stm32f1xx_it.o
                0x0800060a                HardFault_Handler
 .text.MemManage_Handler
                0x0800060c        0x2 build/stm32f1xx_it.o
                0x0800060c                MemManage_Handler
 .text.BusFault_Handler
                0x0800060e        0x2 build/stm32f1xx_it.o
                0x0800060e                BusFault_Handler
 .text.UsageFault_Handler
                0x08000610        0x2 build/stm32f1xx_it.o
                0x08000610                UsageFault_Handler
 .text.SVC_Handler
                0x08000612        0x2 build/stm32f1xx_it.o
                0x08000612                SVC_Handler
 .text.DebugMon_Handler
                0x08000614        0x2 build/stm32f1xx_it.o
                0x08000614                DebugMon_Handler
 .text.PendSV_Handler
                0x08000616        0x2 build/stm32f1xx_it.o
                0x08000616                PendSV_Handler
 .text.SysTick_Handler
                0x08000618        0x8 build/stm32f1xx_it.o
                0x08000618                SysTick_Handler
 .text.TIM2_IRQHandler
                0x08000620       0x10 build/stm32f1xx_it.o
                0x08000620                TIM2_IRQHandler
 .text.HAL_MspInit
                0x08000630       0x44 build/stm32f1xx_hal_msp.o
                0x08000630                HAL_MspInit
 .text.HAL_TIM_Base_MspInit
                0x08000674       0x3a build/stm32f1xx_hal_msp.o
                0x08000674                HAL_TIM_Base_MspInit
 .text.TIM_TI1_ConfigInputStage
                0x080006ae       0x24 build/stm32f1xx_hal_tim.o
 .text.TIM_TI2_ConfigInputStage
                0x080006d2       0x26 build/stm32f1xx_hal_tim.o
 .text.TIM_ITRx_SetConfig
                0x080006f8       0x10 build/stm32f1xx_hal_tim.o
 .text.HAL_TIM_Base_Start_IT
                0x08000708       0x60 build/stm32f1xx_hal_tim.o
                0x08000708                HAL_TIM_Base_Start_IT
 .text.HAL_TIM_OC_DelayElapsedCallback
                0x08000768        0x2 build/stm32f1xx_hal_tim.o
                0x08000768                HAL_TIM_OC_DelayElapsedCallback
 .text.HAL_TIM_IC_CaptureCallback
                0x0800076a        0x2 build/stm32f1xx_hal_tim.o
                0x0800076a                HAL_TIM_IC_CaptureCallback
 .text.HAL_TIM_PWM_PulseFinishedCallback
                0x0800076c        0x2 build/stm32f1xx_hal_tim.o
                0x0800076c                HAL_TIM_PWM_PulseFinishedCallback
 .text.HAL_TIM_TriggerCallback
                0x0800076e        0x2 build/stm32f1xx_hal_tim.o
                0x0800076e                HAL_TIM_TriggerCallback
 .text.HAL_TIM_IRQHandler
                0x08000770      0x15e build/stm32f1xx_hal_tim.o
                0x08000770                HAL_TIM_IRQHandler
 *fill*         0x080008ce        0x2 
 .text.TIM_Base_SetConfig
                0x080008d0       0x74 build/stm32f1xx_hal_tim.o
                0x080008d0                TIM_Base_SetConfig
 .text.HAL_TIM_Base_Init
                0x08000944       0x58 build/stm32f1xx_hal_tim.o
                0x08000944                HAL_TIM_Base_Init
 .text.TIM_ETR_SetConfig
                0x0800099c       0x18 build/stm32f1xx_hal_tim.o
                0x0800099c                TIM_ETR_SetConfig
 .text.HAL_TIM_ConfigClockSource
                0x080009b4       0xfe build/stm32f1xx_hal_tim.o
                0x080009b4                HAL_TIM_ConfigClockSource
 *fill*         0x08000ab2        0x2 
 .text.HAL_TIMEx_MasterConfigSynchronization
                0x08000ab4       0x64 build/stm32f1xx_hal_tim_ex.o
                0x08000ab4                HAL_TIMEx_MasterConfigSynchronization
 .text.HAL_TIMEx_CommutCallback
                0x08000b18        0x2 build/stm32f1xx_hal_tim_ex.o
                0x08000b18                HAL_TIMEx_CommutCallback
 .text.HAL_TIMEx_BreakCallback
                0x08000b1a        0x2 build/stm32f1xx_hal_tim_ex.o
                0x08000b1a                HAL_TIMEx_BreakCallback
 .text.HAL_InitTick
                0x08000b1c       0x4c build/stm32f1xx_hal.o
                0x08000b1c                HAL_InitTick
 .text.HAL_Init
                0x08000b68       0x24 build/stm32f1xx_hal.o
                0x08000b68                HAL_Init
 .text.HAL_IncTick
                0x08000b8c       0x18 build/stm32f1xx_hal.o
                0x08000b8c                HAL_IncTick
 .text.HAL_GetTick
                0x08000ba4        0xc build/stm32f1xx_hal.o
                0x08000ba4                HAL_GetTick
 .text.RCC_Delay
                0x08000bb0       0x2c build/stm32f1xx_hal_rcc.o
 .text.HAL_RCC_OscConfig
                0x08000bdc      0x410 build/stm32f1xx_hal_rcc.o
                0x08000bdc                HAL_RCC_OscConfig
 .text.HAL_RCC_GetSysClockFreq
                0x08000fec       0x54 build/stm32f1xx_hal_rcc.o
                0x08000fec                HAL_RCC_GetSysClockFreq
 .text.HAL_RCC_ClockConfig
                0x08001040      0x16c build/stm32f1xx_hal_rcc.o
                0x08001040                HAL_RCC_ClockConfig
 .text.HAL_GPIO_Init
                0x080011ac      0x220 build/stm32f1xx_hal_gpio.o
                0x080011ac                HAL_GPIO_Init
 .text.HAL_GPIO_WritePin
                0x080013cc        0xc build/stm32f1xx_hal_gpio.o
                0x080013cc                HAL_GPIO_WritePin
 .text.HAL_GPIO_TogglePin
                0x080013d8       0x12 build/stm32f1xx_hal_gpio.o
                0x080013d8                HAL_GPIO_TogglePin
 *fill*         0x080013ea        0x2 
 .text.HAL_NVIC_SetPriorityGrouping
                0x080013ec       0x24 build/stm32f1xx_hal_cortex.o
                0x080013ec                HAL_NVIC_SetPriorityGrouping
 .text.HAL_NVIC_SetPriority
                0x08001410       0x70 build/stm32f1xx_hal_cortex.o
                0x08001410                HAL_NVIC_SetPriority
 .text.HAL_NVIC_EnableIRQ
                0x08001480       0x1c build/stm32f1xx_hal_cortex.o
                0x08001480                HAL_NVIC_EnableIRQ
 .text.HAL_SYSTICK_Config
                0x0800149c       0x28 build/stm32f1xx_hal_cortex.o
                0x0800149c                HAL_SYSTICK_Config
 .text.SystemInit
                0x080014c4        0x2 build/system_stm32f1xx.o
                0x080014c4                SystemInit
 *fill*         0x080014c6        0x2 
 .text.Reset_Handler
                0x080014c8       0x48 build/startup_stm32f103x6.o
                0x080014c8                Reset_Handler
 .text.Default_Handler
                0x08001510        0x2 build/startup_stm32f103x6.o
                0x08001510                RTC_Alarm_IRQHandler
                0x08001510                EXTI2_IRQHandler
                0x08001510                TIM1_CC_IRQHandler
                0x08001510                PVD_IRQHandler
                0x08001510                EXTI3_IRQHandler
                0x08001510                EXTI0_IRQHandler
                0x08001510                ADC1_2_IRQHandler
                0x08001510                SPI1_IRQHandler
                0x08001510                TAMPER_IRQHandler
                0x08001510                DMA1_Channel4_IRQHandler
                0x08001510                RTC_IRQHandler
                0x08001510                DMA1_Channel7_IRQHandler
                0x08001510                CAN1_RX1_IRQHandler
                0x08001510                I2C1_EV_IRQHandler
                0x08001510                DMA1_Channel6_IRQHandler
                0x08001510                TIM3_IRQHandler
                0x08001510                RCC_IRQHandler
                0x08001510                TIM1_TRG_COM_IRQHandler
                0x08001510                DMA1_Channel1_IRQHandler
                0x08001510                Default_Handler
                0x08001510                EXTI15_10_IRQHandler
                0x08001510                EXTI9_5_IRQHandler
                0x08001510                DMA1_Channel5_IRQHandler
                0x08001510                EXTI4_IRQHandler
                0x08001510                USB_LP_CAN1_RX0_IRQHandler
                0x08001510                USB_HP_CAN1_TX_IRQHandler
                0x08001510                DMA1_Channel3_IRQHandler
                0x08001510                TIM1_UP_IRQHandler
                0x08001510                WWDG_IRQHandler
                0x08001510                TIM1_BRK_IRQHandler
                0x08001510                EXTI1_IRQHandler
                0x08001510                USART2_IRQHandler
                0x08001510                DMA1_Channel2_IRQHandler
                0x08001510                CAN1_SCE_IRQHandler
                0x08001510                FLASH_IRQHandler
                0x08001510                USART1_IRQHandler
                0x08001510                I2C1_ER_IRQHandler
                0x08001510                USBWakeUp_IRQHandler
 *fill*         0x08001512        0x2 
 .text.__libc_init_array
                0x08001514       0x48 c:/arm-gcc/bin/../lib/gcc/arm-none-eabi/10.3.1/../../../../arm-none-eabi/lib/thumb/v7-m/nofp\libc_nano.a(lib_a-init.o)
                0x08001514                __libc_init_array
 .text.memset   0x0800155c       0x10 c:/arm-gcc/bin/../lib/gcc/arm-none-eabi/10.3.1/../../../../arm-none-eabi/lib/thumb/v7-m/nofp\libc_nano.a(lib_a-memset.o)
                0x0800155c                memset
 *(.glue_7)
 .glue_7        0x0800156c        0x0 linker stubs
 *(.glue_7t)
 .glue_7t       0x0800156c        0x0 linker stubs
 *(.eh_frame)
 .eh_frame      0x0800156c        0x0 c:/arm-gcc/bin/../lib/gcc/arm-none-eabi/10.3.1/thumb/v7-m/nofp/crtbegin.o
 *(.init)
 .init          0x0800156c        0x4 c:/arm-gcc/bin/../lib/gcc/arm-none-eabi/10.3.1/thumb/v7-m/nofp/crti.o
                0x0800156c                _init
 .init          0x08001570        0x8 c:/arm-gcc/bin/../lib/gcc/arm-none-eabi/10.3.1/thumb/v7-m/nofp/crtn.o
 *(.fini)
 .fini          0x08001578        0x4 c:/arm-gcc/bin/../lib/gcc/arm-none-eabi/10.3.1/thumb/v7-m/nofp/crti.o
                0x08001578                _fini
 .fini          0x0800157c        0x8 c:/arm-gcc/bin/../lib/gcc/arm-none-eabi/10.3.1/thumb/v7-m/nofp/crtn.o
                0x08001584                . = ALIGN (0x4)
                0x08001584                _etext = .

.vfp11_veneer   0x08001584        0x0
 .vfp11_veneer  0x08001584        0x0 linker stubs

.v4_bx          0x08001584        0x0
 .v4_bx         0x08001584        0x0 linker stubs

.iplt           0x08001584        0x0
 .iplt          0x08001584        0x0 c:/arm-gcc/bin/../lib/gcc/arm-none-eabi/10.3.1/thumb/v7-m/nofp/crtbegin.o

.rodata         0x08001584       0x34
                0x08001584                . = ALIGN (0x4)
 *(.rodata)
 .rodata        0x08001584       0x10 build/main.o
 *(.rodata*)
 .rodata.aPLLMULFactorTable.1
                0x08001594       0x10 build/stm32f1xx_hal_rcc.o
 .rodata.aPredivFactorTable.0
                0x080015a4        0x2 build/stm32f1xx_hal_rcc.o
 *fill*         0x080015a6        0x2 
 .rodata.AHBPrescTable
                0x080015a8       0x10 build/system_stm32f1xx.o
                0x080015a8                AHBPrescTable
                0x080015b8                . = ALIGN (0x4)

.rel.dyn        0x080015b8        0x0
 .rel.iplt      0x080015b8        0x0 c:/arm-gcc/bin/../lib/gcc/arm-none-eabi/10.3.1/thumb/v7-m/nofp/crtbegin.o

.ARM.extab
 *(.ARM.extab* .gnu.linkonce.armextab.*)

.ARM            0x080015b8        0x0
                0x080015b8                __exidx_start = .
 *(.ARM.exidx*)
                0x080015b8                __exidx_end = .

.preinit_array  0x080015b8        0x0
                0x080015b8                PROVIDE (__preinit_array_start = .)
 *(.preinit_array*)
                0x080015b8                PROVIDE (__preinit_array_end = .)

.init_array     0x080015b8        0x4
                0x080015b8                PROVIDE (__init_array_start = .)
 *(SORT_BY_NAME(.init_array.*))
 *(.init_array*)
 .init_array    0x080015b8        0x4 c:/arm-gcc/bin/../lib/gcc/arm-none-eabi/10.3.1/thumb/v7-m/nofp/crtbegin.o
                0x080015bc                PROVIDE (__init_array_end = .)

.fini_array     0x080015bc        0x4
                [!provide]                PROVIDE (__fini_array_start = .)
 *(SORT_BY_NAME(.fini_array.*))
 *(.fini_array*)
 .fini_array    0x080015bc        0x4 c:/arm-gcc/bin/../lib/gcc/arm-none-eabi/10.3.1/thumb/v7-m/nofp/crtbegin.o
                [!provide]                PROVIDE (__fini_array_end = .)
                0x080015c0                _sidata = LOADADDR (.data)

.data           0x20000000       0x34 load address 0x080015c0
                0x20000000                . = ALIGN (0x4)
                0x20000000                _sdata = .
 *(.data)
 *(.data*)
 .data.hour     0x20000000        0x4 build/main.o
                0x20000000                hour
 .data.matrix_buffer
                0x20000004        0x8 build/main.o
                0x20000004                matrix_buffer
 .data.minute   0x2000000c        0x4 build/main.o
                0x2000000c                minute
 .data.second   0x20000010        0x4 build/main.o
                0x20000010                second
 .data.Led7Seg  0x20000014       0x14 build/led7seg.o
                0x20000014                Led7Seg
 .data.uwTickFreq
                0x20000028        0x1 build/stm32f1xx_hal.o
                0x20000028                uwTickFreq
 *fill*         0x20000029        0x3 
 .data.uwTickPrio
                0x2000002c        0x4 build/stm32f1xx_hal.o
                0x2000002c                uwTickPrio
 .data.SystemCoreClock
                0x20000030        0x4 build/system_stm32f1xx.o
                0x20000030                SystemCoreClock
                0x20000034                . = ALIGN (0x4)
                0x20000034                _edata = .

.igot.plt       0x20000034        0x0 load address 0x080015f4
 .igot.plt      0x20000034        0x0 c:/arm-gcc/bin/../lib/gcc/arm-none-eabi/10.3.1/thumb/v7-m/nofp/crtbegin.o
                0x20000034                . = ALIGN (0x4)

.bss            0x20000034       0xd0 load address 0x080015f4
                0x20000034                _sbss = .
                0x20000034                __bss_start__ = _sbss
 *(.bss)
 .bss           0x20000034       0x1c c:/arm-gcc/bin/../lib/gcc/arm-none-eabi/10.3.1/thumb/v7-m/nofp/crtbegin.o
 *(.bss*)
 .bss.htim2     0x20000050       0x48 build/main.o
                0x20000050                htim2
 .bss.index_led
                0x20000098        0x4 build/main.o
                0x20000098                index_led
 .bss.index_led_matrix
                0x2000009c        0x4 build/main.o
                0x2000009c                index_led_matrix
 .bss.led_buffer
                0x200000a0       0x10 build/main.o
                0x200000a0                led_buffer
 .bss.timerFLag
                0x200000b0       0x28 build/timer.o
                0x200000b0                timerFLag
 .bss.timer_counter
                0x200000d8       0x28 build/timer.o
                0x200000d8                timer_counter
 .bss.uwTick    0x20000100        0x4 build/stm32f1xx_hal.o
                0x20000100                uwTick
 *(COMMON)
                0x20000104                . = ALIGN (0x4)
                0x20000104                _ebss = .
                0x20000104                __bss_end__ = _ebss

._user_heap_stack
                0x20000104      0x604 load address 0x080015f4
                0x20000108                . = ALIGN (0x8)
 *fill*         0x20000104        0x4 
                [!provide]                PROVIDE (end = .)
                0x20000108                PROVIDE (_end = .)
                0x20000308                . = (. + _Min_Heap_Size)
 *fill*         0x20000108      0x200 
                0x20000708                . = (. + _Min_Stack_Size)
 *fill*         0x20000308      0x400 
                0x20000708                . = ALIGN (0x8)

/DISCARD/
 libc.a(*)
 libm.a(*)
 libgcc.a(*)

.ARM.attributes
                0x00000000       0x29
 *(.ARM.attributes)
 .ARM.attributes
                0x00000000       0x1d c:/arm-gcc/bin/../lib/gcc/arm-none-eabi/10.3.1/thumb/v7-m/nofp/crti.o
 .ARM.attributes
                0x0000001d       0x2d c:/arm-gcc/bin/../lib/gcc/arm-none-eabi/10.3.1/thumb/v7-m/nofp/crtbegin.o
 .ARM.attributes
                0x0000004a       0x2d build/main.o
 .ARM.attributes
                0x00000077       0x2d build/led7seg.o
 .ARM.attributes
                0x000000a4       0x2d build/timer.o
 .ARM.attributes
                0x000000d1       0x2d build/stm32f1xx_it.o
 .ARM.attributes
                0x000000fe       0x2d build/stm32f1xx_hal_msp.o
 .ARM.attributes
                0x0000012b       0x2d build/stm32f1xx_hal_tim.o
 .ARM.attributes
                0x00000158       0x2d build/stm32f1xx_hal_tim_ex.o
 .ARM.attributes
                0x00000185       0x2d build/stm32f1xx_hal.o
 .ARM.attributes
                0x000001b2       0x2d build/stm32f1xx_hal_rcc.o
 .ARM.attributes
                0x000001df       0x2d build/stm32f1xx_hal_gpio.o
 .ARM.attributes
                0x0000020c       0x2d build/stm32f1xx_hal_cortex.o
 .ARM.attributes
                0x00000239       0x2d build/system_stm32f1xx.o
 .ARM.attributes
                0x00000266       0x21 build/startup_stm32f103x6.o
 .ARM.attributes
                0x00000287       0x2d c:/arm-gcc/bin/../lib/gcc/arm-none-eabi/10.3.1/../../../../arm-none-eabi/lib/thumb/v7-m/nofp\libc_nano.a(lib_a-init.o)
 .ARM.attributes
                0x000002b4       0x2d c:/arm-gcc/bin/../lib/gcc/arm-none-eabi/10.3.1/../../../../arm-none-eabi/lib/thumb/v7-m/nofp\libc_nano.a(lib_a-memset.o)
 .ARM.attributes
                0x000002e1       0x1d c:/arm-gcc/bin/../lib/gcc/arm-none-eabi/10.3.1/thumb/v7-m/nofp/crtn.o
OUTPUT(build/Lab_02.elf elf32-littlearm)
LOAD linker stubs
LOAD c:/arm-gcc/bin/../lib/gcc/arm-none-eabi/10.3.1/../../../../arm-none-eabi/lib/thumb/v7-m/nofp\libc.a
LOAD c:/arm-gcc/bin/../lib/gcc/arm-none-eabi/10.3.1/../../../../arm-none-eabi/lib/thumb/v7-m/nofp\libm.a
LOAD c:/arm-gcc/bin/../lib/gcc/arm-none-eabi/10.3.1/thumb/v7-m/nofp\libgcc.a

.debug_info     0x00000000     0xb0f2
 .debug_info    0x00000000     0x12b5 build/main.o
 .debug_info    0x000012b5      0x3d3 build/led7seg.o
 .debug_info    0x00001688      0x12e build/timer.o
 .debug_info    0x000017b6      0x7ae build/stm32f1xx_it.o
 .debug_info    0x00001f64      0xa44 build/stm32f1xx_hal_msp.o
 .debug_info    0x000029a8     0x4074 build/stm32f1xx_hal_tim.o
 .debug_info    0x00006a1c     0x1c39 build/stm32f1xx_hal_tim_ex.o
 .debug_info    0x00008655      0x837 build/stm32f1xx_hal.o
 .debug_info    0x00008e8c      0xaf0 build/stm32f1xx_hal_rcc.o
 .debug_info    0x0000997c      0x6d7 build/stm32f1xx_hal_gpio.o
 .debug_info    0x0000a053      0xe0f build/stm32f1xx_hal_cortex.o
 .debug_info    0x0000ae62      0x26e build/system_stm32f1xx.o
 .debug_info    0x0000b0d0       0x22 build/startup_stm32f103x6.o

.debug_abbrev   0x00000000     0x19a0
 .debug_abbrev  0x00000000      0x314 build/main.o
 .debug_abbrev  0x00000314      0x1c4 build/led7seg.o
 .debug_abbrev  0x000004d8       0xd6 build/timer.o
 .debug_abbrev  0x000005ae      0x17c build/stm32f1xx_it.o
 .debug_abbrev  0x0000072a      0x1be build/stm32f1xx_hal_msp.o
 .debug_abbrev  0x000008e8      0x29d build/stm32f1xx_hal_tim.o
 .debug_abbrev  0x00000b85      0x29f build/stm32f1xx_hal_tim_ex.o
 .debug_abbrev  0x00000e24      0x1f7 build/stm32f1xx_hal.o
 .debug_abbrev  0x0000101b      0x2b8 build/stm32f1xx_hal_rcc.o
 .debug_abbrev  0x000012d3      0x222 build/stm32f1xx_hal_gpio.o
 .debug_abbrev  0x000014f5      0x359 build/stm32f1xx_hal_cortex.o
 .debug_abbrev  0x0000184e      0x140 build/system_stm32f1xx.o
 .debug_abbrev  0x0000198e       0x12 build/startup_stm32f103x6.o

.debug_loc      0x00000000     0x9945
 .debug_loc     0x00000000      0x232 build/main.o
 .debug_loc     0x00000232      0x110 build/led7seg.o
 .debug_loc     0x00000342       0x48 build/timer.o
 .debug_loc     0x0000038a       0x40 build/stm32f1xx_it.o
 .debug_loc     0x000003ca      0x100 build/stm32f1xx_hal_msp.o
 .debug_loc     0x000004ca     0x5c88 build/stm32f1xx_hal_tim.o
 .debug_loc     0x00006152     0x20f3 build/stm32f1xx_hal_tim_ex.o
 .debug_loc     0x00008245      0x1e1 build/stm32f1xx_hal.o
 .debug_loc     0x00008426      0x790 build/stm32f1xx_hal_rcc.o
 .debug_loc     0x00008bb6      0x511 build/stm32f1xx_hal_gpio.o
 .debug_loc     0x000090c7      0x77f build/stm32f1xx_hal_cortex.o
 .debug_loc     0x00009846       0xff build/system_stm32f1xx.o

.debug_aranges  0x00000000      0x940
 .debug_aranges
                0x00000000       0x60 build/main.o
 .debug_aranges
                0x00000060       0x40 build/led7seg.o
 .debug_aranges
                0x000000a0       0x28 build/timer.o
 .debug_aranges
                0x000000c8       0x68 build/stm32f1xx_it.o
 .debug_aranges
                0x00000130       0x30 build/stm32f1xx_hal_msp.o
 .debug_aranges
                0x00000160      0x3d0 build/stm32f1xx_hal_tim.o
 .debug_aranges
                0x00000530      0x168 build/stm32f1xx_hal_tim_ex.o
 .debug_aranges
                0x00000698       0xe0 build/stm32f1xx_hal.o
 .debug_aranges
                0x00000778       0x90 build/stm32f1xx_hal_rcc.o
 .debug_aranges
                0x00000808       0x58 build/stm32f1xx_hal_gpio.o
 .debug_aranges
                0x00000860       0x90 build/stm32f1xx_hal_cortex.o
 .debug_aranges
                0x000008f0       0x28 build/system_stm32f1xx.o
 .debug_aranges
                0x00000918       0x28 build/startup_stm32f103x6.o

.debug_ranges   0x00000000      0x8f8
 .debug_ranges  0x00000000       0x50 build/main.o
 .debug_ranges  0x00000050       0x30 build/led7seg.o
 .debug_ranges  0x00000080       0x18 build/timer.o
 .debug_ranges  0x00000098       0x58 build/stm32f1xx_it.o
 .debug_ranges  0x000000f0       0x20 build/stm32f1xx_hal_msp.o
 .debug_ranges  0x00000110      0x3c0 build/stm32f1xx_hal_tim.o
 .debug_ranges  0x000004d0      0x158 build/stm32f1xx_hal_tim_ex.o
 .debug_ranges  0x00000628       0xd0 build/stm32f1xx_hal.o
 .debug_ranges  0x000006f8       0xa0 build/stm32f1xx_hal_rcc.o
 .debug_ranges  0x00000798       0x48 build/stm32f1xx_hal_gpio.o
 .debug_ranges  0x000007e0       0xe0 build/stm32f1xx_hal_cortex.o
 .debug_ranges  0x000008c0       0x18 build/system_stm32f1xx.o
 .debug_ranges  0x000008d8       0x20 build/startup_stm32f103x6.o

.debug_line     0x00000000     0x8f47
 .debug_line    0x00000000      0x5c5 build/main.o
 .debug_line    0x000005c5      0x273 build/led7seg.o
 .debug_line    0x00000838       0xcc build/timer.o
 .debug_line    0x00000904      0x281 build/stm32f1xx_it.o
 .debug_line    0x00000b85      0x1f1 build/stm32f1xx_hal_msp.o
 .debug_line    0x00000d76     0x48b5 build/stm32f1xx_hal_tim.o
 .debug_line    0x0000562b     0x1b2d build/stm32f1xx_hal_tim_ex.o
 .debug_line    0x00007158      0x4c2 build/stm32f1xx_hal.o
 .debug_line    0x0000761a      0xbb2 build/stm32f1xx_hal_rcc.o
 .debug_line    0x000081cc      0x560 build/stm32f1xx_hal_gpio.o
 .debug_line    0x0000872c      0x5cd build/stm32f1xx_hal_cortex.o
 .debug_line    0x00008cf9      0x1da build/system_stm32f1xx.o
 .debug_line    0x00008ed3       0x74 build/startup_stm32f103x6.o

.debug_str      0x00000000     0x2ca5
 .debug_str     0x00000000      0xa45 build/main.o
                                0xb18 (size before relaxing)
 .debug_str     0x00000a45       0x5d build/led7seg.o
                                0x251 (size before relaxing)
 .debug_str     0x00000aa2       0x1f build/timer.o
                                0x19e (size before relaxing)
 .debug_str     0x00000ac1       0xd7 build/stm32f1xx_it.o
                                0x6f8 (size before relaxing)
 .debug_str     0x00000b98      0x364 build/stm32f1xx_hal_msp.o
                                0x9c5 (size before relaxing)
 .debug_str     0x00000efc      0xe69 build/stm32f1xx_hal_tim.o
                               0x1634 (size before relaxing)
 .debug_str     0x00001d65      0x521 build/stm32f1xx_hal_tim_ex.o
                                0xe25 (size before relaxing)
 .debug_str     0x00002286      0x2ff build/stm32f1xx_hal.o
                                0x7cf (size before relaxing)
 .debug_str     0x00002585      0x1fe build/stm32f1xx_hal_rcc.o
                                0x610 (size before relaxing)
 .debug_str     0x00002783      0x114 build/stm32f1xx_hal_gpio.o
                                0x3e5 (size before relaxing)
 .debug_str     0x00002897      0x39b build/stm32f1xx_hal_cortex.o
                                0x87e (size before relaxing)
 .debug_str     0x00002c32       0x4f build/system_stm32f1xx.o
                                0x239 (size before relaxing)
 .debug_str     0x00002c81       0x24 build/startup_stm32f103x6.o
                                 0x58 (size before relaxing)

.comment        0x00000000       0x49
 .comment       0x00000000       0x49 build/main.o
                                 0x4a (size before relaxing)
 .comment       0x00000049       0x4a build/led7seg.o
 .comment       0x00000049       0x4a build/timer.o
 .comment       0x00000049       0x4a build/stm32f1xx_it.o
 .comment       0x00000049       0x4a build/stm32f1xx_hal_msp.o
 .comment       0x00000049       0x4a build/stm32f1xx_hal_tim.o
 .comment       0x00000049       0x4a build/stm32f1xx_hal_tim_ex.o
 .comment       0x00000049       0x4a build/stm32f1xx_hal.o
 .comment       0x00000049       0x4a build/stm32f1xx_hal_rcc.o
 .comment       0x00000049       0x4a build/stm32f1xx_hal_gpio.o
 .comment       0x00000049       0x4a build/stm32f1xx_hal_cortex.o
 .comment       0x00000049       0x4a build/system_stm32f1xx.o

.debug_frame    0x00000000     0x17bc
 .debug_frame   0x00000000      0x10c build/main.o
 .debug_frame   0x0000010c       0x78 build/led7seg.o
 .debug_frame   0x00000184       0x30 build/timer.o
 .debug_frame   0x000001b4       0xc0 build/stm32f1xx_it.o
 .debug_frame   0x00000274       0x5c build/stm32f1xx_hal_msp.o
 .debug_frame   0x000002d0      0xb1c build/stm32f1xx_hal_tim.o
 .debug_frame   0x00000dec      0x40c build/stm32f1xx_hal_tim_ex.o
 .debug_frame   0x000011f8      0x1cc build/stm32f1xx_hal.o
 .debug_frame   0x000013c4      0x184 build/stm32f1xx_hal_rcc.o
 .debug_frame   0x00001548       0xe0 build/stm32f1xx_hal_gpio.o
 .debug_frame   0x00001628      0x118 build/stm32f1xx_hal_cortex.o
 .debug_frame   0x00001740       0x30 build/system_stm32f1xx.o
 .debug_frame   0x00001770       0x2c c:/arm-gcc/bin/../lib/gcc/arm-none-eabi/10.3.1/../../../../arm-none-eabi/lib/thumb/v7-m/nofp\libc_nano.a(lib_a-init.o)
 .debug_frame   0x0000179c       0x20 c:/arm-gcc/bin/../lib/gcc/arm-none-eabi/10.3.1/../../../../arm-none-eabi/lib/thumb/v7-m/nofp\libc_nano.a(lib_a-memset.o)

Cross Reference Table

Symbol                                            File
ADC1_2_IRQHandler                                 build/startup_stm32f103x6.o
AHBPrescTable                                     build/system_stm32f1xx.o
                                                  build/stm32f1xx_hal_rcc.o
APBPrescTable                                     build/system_stm32f1xx.o
                                                  build/stm32f1xx_hal_rcc.o
BusFault_Handler                                  build/stm32f1xx_it.o
CAN1_RX1_IRQHandler                               build/startup_stm32f103x6.o
CAN1_SCE_IRQHandler                               build/startup_stm32f103x6.o
DMA1_Channel1_IRQHandler                          build/startup_stm32f103x6.o
DMA1_Channel2_IRQHandler                          build/startup_stm32f103x6.o
DMA1_Channel3_IRQHandler                          build/startup_stm32f103x6.o
DMA1_Channel4_IRQHandler                          build/startup_stm32f103x6.o
DMA1_Channel5_IRQHandler                          build/startup_stm32f103x6.o
DMA1_Channel6_IRQHandler                          build/startup_stm32f103x6.o
DMA1_Channel7_IRQHandler                          build/startup_stm32f103x6.o
DebugMon_Handler                                  build/stm32f1xx_it.o
Default_Handler                                   build/startup_stm32f103x6.o
EXTI0_IRQHandler                                  build/startup_stm32f103x6.o
EXTI15_10_IRQHandler                              build/startup_stm32f103x6.o
EXTI1_IRQHandler                                  build/startup_stm32f103x6.o
EXTI2_IRQHandler                                  build/startup_stm32f103x6.o
EXTI3_IRQHandler                                  build/startup_stm32f103x6.o
EXTI4_IRQHandler                                  build/startup_stm32f103x6.o
EXTI9_5_IRQHandler                                build/startup_stm32f103x6.o
Error_Handler                                     build/main.o
FLASH_IRQHandler                                  build/startup_stm32f103x6.o
FLASH_PageErase                                   build/stm32f1xx_hal_flash_ex.o
                                                  build/stm32f1xx_hal_flash.o
FLASH_WaitForLastOperation                        build/stm32f1xx_hal_flash.o
                                                  build/stm32f1xx_hal_flash_ex.o
HAL_DBGMCU_DisableDBGSleepMode                    build/stm32f1xx_hal.o
HAL_DBGMCU_DisableDBGStandbyMode                  build/stm32f1xx_hal.o
HAL_DBGMCU_DisableDBGStopMode                     build/stm32f1xx_hal.o
HAL_DBGMCU_EnableDBGSleepMode                     build/stm32f1xx_hal.o
HAL_DBGMCU_EnableDBGStandbyMode                   build/stm32f1xx_hal.o
HAL_DBGMCU_EnableDBGStopMode                      build/stm32f1xx_hal.o
HAL_DMA_Abort                                     build/stm32f1xx_hal_dma.o
HAL_DMA_Abort_IT                                  build/stm32f1xx_hal_dma.o
                                                  build/stm32f1xx_hal_tim_ex.o
                                                  build/stm32f1xx_hal_tim.o
HAL_DMA_DeInit                                    build/stm32f1xx_hal_dma.o
HAL_DMA_GetError                                  build/stm32f1xx_hal_dma.o
HAL_DMA_GetState                                  build/stm32f1xx_hal_dma.o
HAL_DMA_IRQHandler                                build/stm32f1xx_hal_dma.o
HAL_DMA_Init                                      build/stm32f1xx_hal_dma.o
HAL_DMA_PollForTransfer                           build/stm32f1xx_hal_dma.o
HAL_DMA_RegisterCallback                          build/stm32f1xx_hal_dma.o
HAL_DMA_Start                                     build/stm32f1xx_hal_dma.o
HAL_DMA_Start_IT                                  build/stm32f1xx_hal_dma.o
                                                  build/stm32f1xx_hal_tim_ex.o
                                                  build/stm32f1xx_hal_tim.o
HAL_DMA_UnRegisterCallback                        build/stm32f1xx_hal_dma.o
HAL_DeInit                                        build/stm32f1xx_hal.o
HAL_Delay                                         build/stm32f1xx_hal.o
                                                  build/led7seg.o
HAL_EXTI_ClearConfigLine                          build/stm32f1xx_hal_exti.o
HAL_EXTI_ClearPending                             build/stm32f1xx_hal_exti.o
HAL_EXTI_GenerateSWI                              build/stm32f1xx_hal_exti.o
HAL_EXTI_GetConfigLine                            build/stm32f1xx_hal_exti.o
HAL_EXTI_GetHandle                                build/stm32f1xx_hal_exti.o
HAL_EXTI_GetPending                               build/stm32f1xx_hal_exti.o
HAL_EXTI_IRQHandler                               build/stm32f1xx_hal_exti.o
HAL_EXTI_RegisterCallback                         build/stm32f1xx_hal_exti.o
HAL_EXTI_SetConfigLine                            build/stm32f1xx_hal_exti.o
HAL_FLASHEx_Erase                                 build/stm32f1xx_hal_flash_ex.o
HAL_FLASHEx_Erase_IT                              build/stm32f1xx_hal_flash_ex.o
HAL_FLASHEx_OBErase                               build/stm32f1xx_hal_flash_ex.o
HAL_FLASHEx_OBGetConfig                           build/stm32f1xx_hal_flash_ex.o
HAL_FLASHEx_OBGetUserData                         build/stm32f1xx_hal_flash_ex.o
HAL_FLASHEx_OBProgram                             build/stm32f1xx_hal_flash_ex.o
HAL_FLASH_EndOfOperationCallback                  build/stm32f1xx_hal_flash.o
HAL_FLASH_GetError                                build/stm32f1xx_hal_flash.o
HAL_FLASH_IRQHandler                              build/stm32f1xx_hal_flash.o
HAL_FLASH_Lock                                    build/stm32f1xx_hal_flash.o
HAL_FLASH_OB_Launch                               build/stm32f1xx_hal_flash.o
HAL_FLASH_OB_Lock                                 build/stm32f1xx_hal_flash.o
HAL_FLASH_OB_Unlock                               build/stm32f1xx_hal_flash.o
HAL_FLASH_OperationErrorCallback                  build/stm32f1xx_hal_flash.o
HAL_FLASH_Program                                 build/stm32f1xx_hal_flash.o
HAL_FLASH_Program_IT                              build/stm32f1xx_hal_flash.o
HAL_FLASH_Unlock                                  build/stm32f1xx_hal_flash.o
HAL_GPIOEx_ConfigEventout                         build/stm32f1xx_hal_gpio_ex.o
HAL_GPIOEx_DisableEventout                        build/stm32f1xx_hal_gpio_ex.o
HAL_GPIOEx_EnableEventout                         build/stm32f1xx_hal_gpio_ex.o
HAL_GPIO_DeInit                                   build/stm32f1xx_hal_gpio.o
HAL_GPIO_EXTI_Callback                            build/stm32f1xx_hal_gpio.o
HAL_GPIO_EXTI_IRQHandler                          build/stm32f1xx_hal_gpio.o
HAL_GPIO_Init                                     build/stm32f1xx_hal_gpio.o
                                                  build/stm32f1xx_hal_rcc.o
                                                  build/main.o
HAL_GPIO_LockPin                                  build/stm32f1xx_hal_gpio.o
HAL_GPIO_ReadPin                                  build/stm32f1xx_hal_gpio.o
HAL_GPIO_TogglePin                                build/stm32f1xx_hal_gpio.o
                                                  build/main.o
HAL_GPIO_WritePin                                 build/stm32f1xx_hal_gpio.o
                                                  build/led7seg.o
                                                  build/main.o
HAL_GetDEVID                                      build/stm32f1xx_hal.o
HAL_GetHalVersion                                 build/stm32f1xx_hal.o
HAL_GetREVID                                      build/stm32f1xx_hal.o
HAL_GetTick                                       build/stm32f1xx_hal.o
                                                  build/stm32f1xx_hal_flash.o
                                                  build/stm32f1xx_hal_dma.o
                                                  build/stm32f1xx_hal_rcc_ex.o
                                                  build/stm32f1xx_hal_rcc.o
HAL_GetTickFreq                                   build/stm32f1xx_hal.o
HAL_GetTickPrio                                   build/stm32f1xx_hal.o
HAL_GetUIDw0                                      build/stm32f1xx_hal.o
HAL_GetUIDw1                                      build/stm32f1xx_hal.o
HAL_GetUIDw2                                      build/stm32f1xx_hal.o
HAL_IncTick                                       build/stm32f1xx_hal.o
                                                  build/stm32f1xx_it.o
HAL_Init                                          build/stm32f1xx_hal.o
                                                  build/main.o
HAL_InitTick                                      build/stm32f1xx_hal.o
                                                  build/stm32f1xx_hal_rcc.o
HAL_MspDeInit                                     build/stm32f1xx_hal.o
HAL_MspInit                                       build/stm32f1xx_hal_msp.o
HAL_NVIC_ClearPendingIRQ                          build/stm32f1xx_hal_cortex.o
HAL_NVIC_DisableIRQ                               build/stm32f1xx_hal_cortex.o
                                                  build/stm32f1xx_hal_msp.o
HAL_NVIC_EnableIRQ                                build/stm32f1xx_hal_cortex.o
                                                  build/stm32f1xx_hal_msp.o
HAL_NVIC_GetActive                                build/stm32f1xx_hal_cortex.o
HAL_NVIC_GetPendingIRQ                            build/stm32f1xx_hal_cortex.o
HAL_NVIC_GetPriority                              build/stm32f1xx_hal_cortex.o
HAL_NVIC_GetPriorityGrouping                      build/stm32f1xx_hal_cortex.o
HAL_NVIC_SetPendingIRQ                            build/stm32f1xx_hal_cortex.o
HAL_NVIC_SetPriority                              build/stm32f1xx_hal_cortex.o
                                                  build/stm32f1xx_hal.o
                                                  build/stm32f1xx_hal_msp.o
HAL_NVIC_SetPriorityGrouping                      build/stm32f1xx_hal_cortex.o
                                                  build/stm32f1xx_hal.o
HAL_NVIC_SystemReset                              build/stm32f1xx_hal_cortex.o
                                                  build/stm32f1xx_hal_flash.o
HAL_PWR_ConfigPVD                                 build/stm32f1xx_hal_pwr.o
HAL_PWR_DeInit                                    build/stm32f1xx_hal_pwr.o
HAL_PWR_DisableBkUpAccess                         build/stm32f1xx_hal_pwr.o
HAL_PWR_DisablePVD                                build/stm32f1xx_hal_pwr.o
HAL_PWR_DisableSEVOnPend                          build/stm32f1xx_hal_pwr.o
HAL_PWR_DisableSleepOnExit                        build/stm32f1xx_hal_pwr.o
HAL_PWR_DisableWakeUpPin                          build/stm32f1xx_hal_pwr.o
HAL_PWR_EnableBkUpAccess                          build/stm32f1xx_hal_pwr.o
HAL_PWR_EnablePVD                                 build/stm32f1xx_hal_pwr.o
HAL_PWR_EnableSEVOnPend                           build/stm32f1xx_hal_pwr.o
HAL_PWR_EnableSleepOnExit                         build/stm32f1xx_hal_pwr.o
HAL_PWR_EnableWakeUpPin                           build/stm32f1xx_hal_pwr.o
HAL_PWR_EnterSLEEPMode                            build/stm32f1xx_hal_pwr.o
HAL_PWR_EnterSTANDBYMode                          build/stm32f1xx_hal_pwr.o
HAL_PWR_EnterSTOPMode                             build/stm32f1xx_hal_pwr.o
HAL_PWR_PVDCallback                               build/stm32f1xx_hal_pwr.o
HAL_PWR_PVD_IRQHandler                            build/stm32f1xx_hal_pwr.o
HAL_RCCEx_GetPeriphCLKConfig                      build/stm32f1xx_hal_rcc_ex.o
HAL_RCCEx_GetPeriphCLKFreq                        build/stm32f1xx_hal_rcc_ex.o
HAL_RCCEx_PeriphCLKConfig                         build/stm32f1xx_hal_rcc_ex.o
HAL_RCC_CSSCallback                               build/stm32f1xx_hal_rcc.o
HAL_RCC_ClockConfig                               build/stm32f1xx_hal_rcc.o
                                                  build/main.o
HAL_RCC_DeInit                                    build/stm32f1xx_hal_rcc.o
HAL_RCC_DisableCSS                                build/stm32f1xx_hal_rcc.o
HAL_RCC_EnableCSS                                 build/stm32f1xx_hal_rcc.o
HAL_RCC_GetClockConfig                            build/stm32f1xx_hal_rcc.o
HAL_RCC_GetHCLKFreq                               build/stm32f1xx_hal_rcc.o
HAL_RCC_GetOscConfig                              build/stm32f1xx_hal_rcc.o
HAL_RCC_GetPCLK1Freq                              build/stm32f1xx_hal_rcc.o
HAL_RCC_GetPCLK2Freq                              build/stm32f1xx_hal_rcc.o
                                                  build/stm32f1xx_hal_rcc_ex.o
HAL_RCC_GetSysClockFreq                           build/stm32f1xx_hal_rcc.o
HAL_RCC_MCOConfig                                 build/stm32f1xx_hal_rcc.o
HAL_RCC_NMI_IRQHandler                            build/stm32f1xx_hal_rcc.o
HAL_RCC_OscConfig                                 build/stm32f1xx_hal_rcc.o
                                                  build/main.o
HAL_ResumeTick                                    build/stm32f1xx_hal.o
HAL_SYSTICK_CLKSourceConfig                       build/stm32f1xx_hal_cortex.o
HAL_SYSTICK_Callback                              build/stm32f1xx_hal_cortex.o
HAL_SYSTICK_Config                                build/stm32f1xx_hal_cortex.o
                                                  build/stm32f1xx_hal.o
HAL_SYSTICK_IRQHandler                            build/stm32f1xx_hal_cortex.o
HAL_SetTickFreq                                   build/stm32f1xx_hal.o
HAL_SuspendTick                                   build/stm32f1xx_hal.o
HAL_TIMEx_BreakCallback                           build/stm32f1xx_hal_tim_ex.o
                                                  build/stm32f1xx_hal_tim.o
HAL_TIMEx_CommutCallback                          build/stm32f1xx_hal_tim_ex.o
                                                  build/stm32f1xx_hal_tim.o
HAL_TIMEx_CommutHalfCpltCallback                  build/stm32f1xx_hal_tim_ex.o
HAL_TIMEx_ConfigBreakDeadTime                     build/stm32f1xx_hal_tim_ex.o
HAL_TIMEx_ConfigCommutEvent                       build/stm32f1xx_hal_tim_ex.o
HAL_TIMEx_ConfigCommutEvent_DMA                   build/stm32f1xx_hal_tim_ex.o
HAL_TIMEx_ConfigCommutEvent_IT                    build/stm32f1xx_hal_tim_ex.o
HAL_TIMEx_GetChannelNState                        build/stm32f1xx_hal_tim_ex.o
HAL_TIMEx_HallSensor_DeInit                       build/stm32f1xx_hal_tim_ex.o
HAL_TIMEx_HallSensor_GetState                     build/stm32f1xx_hal_tim_ex.o
HAL_TIMEx_HallSensor_Init                         build/stm32f1xx_hal_tim_ex.o
HAL_TIMEx_HallSensor_MspDeInit                    build/stm32f1xx_hal_tim_ex.o
HAL_TIMEx_HallSensor_MspInit                      build/stm32f1xx_hal_tim_ex.o
HAL_TIMEx_HallSensor_Start                        build/stm32f1xx_hal_tim_ex.o
HAL_TIMEx_HallSensor_Start_DMA                    build/stm32f1xx_hal_tim_ex.o
HAL_TIMEx_HallSensor_Start_IT                     build/stm32f1xx_hal_tim_ex.o
HAL_TIMEx_HallSensor_Stop                         build/stm32f1xx_hal_tim_ex.o
HAL_TIMEx_HallSensor_Stop_DMA                     build/stm32f1xx_hal_tim_ex.o
HAL_TIMEx_HallSensor_Stop_IT                      build/stm32f1xx_hal_tim_ex.o
HAL_TIMEx_MasterConfigSynchronization             build/stm32f1xx_hal_tim_ex.o
                                                  build/main.o
HAL_TIMEx_OCN_Start                               build/stm32f1xx_hal_tim_ex.o
HAL_TIMEx_OCN_Start_DMA                           build/stm32f1xx_hal_tim_ex.o
HAL_TIMEx_OCN_Start_IT                            build/stm32f1xx_hal_tim_ex.o
HAL_TIMEx_OCN_Stop                                build/stm32f1xx_hal_tim_ex.o
HAL_TIMEx_OCN_Stop_DMA                            build/stm32f1xx_hal_tim_ex.o
HAL_TIMEx_OCN_Stop_IT                             build/stm32f1xx_hal_tim_ex.o
HAL_TIMEx_OnePulseN_Start                         build/stm32f1xx_hal_tim_ex.o
HAL_TIMEx_OnePulseN_Start_IT                      build/stm32f1xx_hal_tim_ex.o
HAL_TIMEx_OnePulseN_Stop                          build/stm32f1xx_hal_tim_ex.o
HAL_TIMEx_OnePulseN_Stop_IT                       build/stm32f1xx_hal_tim_ex.o
HAL_TIMEx_PWMN_Start                              build/stm32f1xx_hal_tim_ex.o
HAL_TIMEx_PWMN_Start_DMA                          build/stm32f1xx_hal_tim_ex.o
HAL_TIMEx_PWMN_Start_IT                           build/stm32f1xx_hal_tim_ex.o
HAL_TIMEx_PWMN_Stop                               build/stm32f1xx_hal_tim_ex.o
HAL_TIMEx_PWMN_Stop_DMA                           build/stm32f1xx_hal_tim_ex.o
HAL_TIMEx_PWMN_Stop_IT                            build/stm32f1xx_hal_tim_ex.o
HAL_TIMEx_RemapConfig                             build/stm32f1xx_hal_tim_ex.o
HAL_TIM_Base_DeInit                               build/stm32f1xx_hal_tim.o
HAL_TIM_Base_GetState                             build/stm32f1xx_hal_tim.o
HAL_TIM_Base_Init                                 build/stm32f1xx_hal_tim.o
                                                  build/main.o
HAL_TIM_Base_MspDeInit                            build/stm32f1xx_hal_msp.o
HAL_TIM_Base_MspInit                              build/stm32f1xx_hal_msp.o
HAL_TIM_Base_Start                                build/stm32f1xx_hal_tim.o
HAL_TIM_Base_Start_DMA                            build/stm32f1xx_hal_tim.o
HAL_TIM_Base_Start_IT                             build/stm32f1xx_hal_tim.o
                                                  build/main.o
HAL_TIM_Base_Stop                                 build/stm32f1xx_hal_tim.o
HAL_TIM_Base_Stop_DMA                             build/stm32f1xx_hal_tim.o
HAL_TIM_Base_Stop_IT                              build/stm32f1xx_hal_tim.o
HAL_TIM_ConfigClockSource                         build/stm32f1xx_hal_tim.o
                                                  build/main.o
HAL_TIM_ConfigOCrefClear                          build/stm32f1xx_hal_tim.o
HAL_TIM_ConfigTI1Input                            build/stm32f1xx_hal_tim.o
HAL_TIM_DMABurstState                             build/stm32f1xx_hal_tim.o
HAL_TIM_DMABurst_MultiReadStart                   build/stm32f1xx_hal_tim.o
HAL_TIM_DMABurst_MultiWriteStart                  build/stm32f1xx_hal_tim.o
HAL_TIM_DMABurst_ReadStart                        build/stm32f1xx_hal_tim.o
HAL_TIM_DMABurst_ReadStop                         build/stm32f1xx_hal_tim.o
HAL_TIM_DMABurst_WriteStart                       build/stm32f1xx_hal_tim.o
HAL_TIM_DMABurst_WriteStop                        build/stm32f1xx_hal_tim.o
HAL_TIM_Encoder_DeInit                            build/stm32f1xx_hal_tim.o
HAL_TIM_Encoder_GetState                          build/stm32f1xx_hal_tim.o
HAL_TIM_Encoder_Init                              build/stm32f1xx_hal_tim.o
HAL_TIM_Encoder_MspDeInit                         build/stm32f1xx_hal_tim.o
HAL_TIM_Encoder_MspInit                           build/stm32f1xx_hal_tim.o
HAL_TIM_Encoder_Start                             build/stm32f1xx_hal_tim.o
HAL_TIM_Encoder_Start_DMA                         build/stm32f1xx_hal_tim.o
HAL_TIM_Encoder_Start_IT                          build/stm32f1xx_hal_tim.o
HAL_TIM_Encoder_Stop                              build/stm32f1xx_hal_tim.o
HAL_TIM_Encoder_Stop_DMA                          build/stm32f1xx_hal_tim.o
HAL_TIM_Encoder_Stop_IT                           build/stm32f1xx_hal_tim.o
HAL_TIM_ErrorCallback                             build/stm32f1xx_hal_tim.o
                                                  build/stm32f1xx_hal_tim_ex.o
HAL_TIM_GenerateEvent                             build/stm32f1xx_hal_tim.o
HAL_TIM_GetActiveChannel                          build/stm32f1xx_hal_tim.o
HAL_TIM_GetChannelState                           build/stm32f1xx_hal_tim.o
HAL_TIM_IC_CaptureCallback                        build/stm32f1xx_hal_tim.o
HAL_TIM_IC_CaptureHalfCpltCallback                build/stm32f1xx_hal_tim.o
HAL_TIM_IC_ConfigChannel                          build/stm32f1xx_hal_tim.o
HAL_TIM_IC_DeInit                                 build/stm32f1xx_hal_tim.o
HAL_TIM_IC_GetState                               build/stm32f1xx_hal_tim.o
HAL_TIM_IC_Init                                   build/stm32f1xx_hal_tim.o
HAL_TIM_IC_MspDeInit                              build/stm32f1xx_hal_tim.o
HAL_TIM_IC_MspInit                                build/stm32f1xx_hal_tim.o
HAL_TIM_IC_Start                                  build/stm32f1xx_hal_tim.o
HAL_TIM_IC_Start_DMA                              build/stm32f1xx_hal_tim.o
HAL_TIM_IC_Start_IT                               build/stm32f1xx_hal_tim.o
HAL_TIM_IC_Stop                                   build/stm32f1xx_hal_tim.o
HAL_TIM_IC_Stop_DMA                               build/stm32f1xx_hal_tim.o
HAL_TIM_IC_Stop_IT                                build/stm32f1xx_hal_tim.o
HAL_TIM_IRQHandler                                build/stm32f1xx_hal_tim.o
                                                  build/stm32f1xx_it.o
HAL_TIM_OC_ConfigChannel                          build/stm32f1xx_hal_tim.o
HAL_TIM_OC_DeInit                                 build/stm32f1xx_hal_tim.o
HAL_TIM_OC_DelayElapsedCallback                   build/stm32f1xx_hal_tim.o
HAL_TIM_OC_GetState                               build/stm32f1xx_hal_tim.o
HAL_TIM_OC_Init                                   build/stm32f1xx_hal_tim.o
HAL_TIM_OC_MspDeInit                              build/stm32f1xx_hal_tim.o
HAL_TIM_OC_MspInit                                build/stm32f1xx_hal_tim.o
HAL_TIM_OC_Start                                  build/stm32f1xx_hal_tim.o
HAL_TIM_OC_Start_DMA                              build/stm32f1xx_hal_tim.o
HAL_TIM_OC_Start_IT                               build/stm32f1xx_hal_tim.o
HAL_TIM_OC_Stop                                   build/stm32f1xx_hal_tim.o
HAL_TIM_OC_Stop_DMA                               build/stm32f1xx_hal_tim.o
HAL_TIM_OC_Stop_IT                                build/stm32f1xx_hal_tim.o
HAL_TIM_OnePulse_ConfigChannel                    build/stm32f1xx_hal_tim.o
HAL_TIM_OnePulse_DeInit                           build/stm32f1xx_hal_tim.o
HAL_TIM_OnePulse_GetState                         build/stm32f1xx_hal_tim.o
HAL_TIM_OnePulse_Init                             build/stm32f1xx_hal_tim.o
HAL_TIM_OnePulse_MspDeInit                        build/stm32f1xx_hal_tim.o
HAL_TIM_OnePulse_MspInit                          build/stm32f1xx_hal_tim.o
HAL_TIM_OnePulse_Start                            build/stm32f1xx_hal_tim.o
HAL_TIM_OnePulse_Start_IT                         build/stm32f1xx_hal_tim.o
HAL_TIM_OnePulse_Stop                             build/stm32f1xx_hal_tim.o
HAL_TIM_OnePulse_Stop_IT                          build/stm32f1xx_hal_tim.o
HAL_TIM_PWM_ConfigChannel                         build/stm32f1xx_hal_tim.o
HAL_TIM_PWM_DeInit                                build/stm32f1xx_hal_tim.o
HAL_TIM_PWM_GetState                              build/stm32f1xx_hal_tim.o
HAL_TIM_PWM_Init                                  build/stm32f1xx_hal_tim.o
HAL_TIM_PWM_MspDeInit                             build/stm32f1xx_hal_tim.o
HAL_TIM_PWM_MspInit                               build/stm32f1xx_hal_tim.o
HAL_TIM_PWM_PulseFinishedCallback                 build/stm32f1xx_hal_tim.o
                                                  build/stm32f1xx_hal_tim_ex.o
HAL_TIM_PWM_PulseFinishedHalfCpltCallback         build/stm32f1xx_hal_tim.o
HAL_TIM_PWM_Start                                 build/stm32f1xx_hal_tim.o
HAL_TIM_PWM_Start_DMA                             build/stm32f1xx_hal_tim.o
HAL_TIM_PWM_Start_IT                              build/stm32f1xx_hal_tim.o
HAL_TIM_PWM_Stop                                  build/stm32f1xx_hal_tim.o
HAL_TIM_PWM_Stop_DMA                              build/stm32f1xx_hal_tim.o
HAL_TIM_PWM_Stop_IT                               build/stm32f1xx_hal_tim.o
HAL_TIM_PeriodElapsedCallback                     build/main.o
HAL_TIM_PeriodElapsedHalfCpltCallback             build/stm32f1xx_hal_tim.o
HAL_TIM_ReadCapturedValue                         build/stm32f1xx_hal_tim.o
HAL_TIM_SlaveConfigSynchro                        build/stm32f1xx_hal_tim.o
HAL_TIM_SlaveConfigSynchro_IT                     build/stm32f1xx_hal_tim.o
HAL_TIM_TriggerCallback                           build/stm32f1xx_hal_tim.o
HAL_TIM_TriggerHalfCpltCallback                   build/stm32f1xx_hal_tim.o
HardFault_Handler                                 build/stm32f1xx_it.o
I2C1_ER_IRQHandler                                build/startup_stm32f103x6.o
I2C1_EV_IRQHandler                                build/startup_stm32f103x6.o
Led7Seg                                           build/led7seg.o
MAX_LED                                           build/main.o
MAX_LED_MATRIX                                    build/main.o
MemManage_Handler                                 build/stm32f1xx_it.o
NMI_Handler                                       build/stm32f1xx_it.o
PVD_IRQHandler                                    build/startup_stm32f103x6.o
PendSV_Handler                                    build/stm32f1xx_it.o
RCC_IRQHandler                                    build/startup_stm32f103x6.o
RTC_Alarm_IRQHandler                              build/startup_stm32f103x6.o
RTC_IRQHandler                                    build/startup_stm32f103x6.o
Reset_Handler                                     build/startup_stm32f103x6.o
SPI1_IRQHandler                                   build/startup_stm32f103x6.o
SVC_Handler                                       build/stm32f1xx_it.o
SysTick_Handler                                   build/stm32f1xx_it.o
SystemClock_Config                                build/main.o
SystemCoreClock                                   build/system_stm32f1xx.o
                                                  build/stm32f1xx_hal_rcc.o
                                                  build/stm32f1xx_hal.o
SystemCoreClockUpdate                             build/system_stm32f1xx.o
SystemInit                                        build/system_stm32f1xx.o
                                                  build/startup_stm32f103x6.o
TAMPER_IRQHandler                                 build/startup_stm32f103x6.o
TIM1_BRK_IRQHandler                               build/startup_stm32f103x6.o
TIM1_CC_IRQHandler                                build/startup_stm32f103x6.o
TIM1_TRG_COM_IRQHandler                           build/startup_stm32f103x6.o
TIM1_UP_IRQHandler                                build/startup_stm32f103x6.o
TIM2_IRQHandler                                   build/stm32f1xx_it.o
TIM3_IRQHandler                                   build/startup_stm32f103x6.o
TIMEx_DMACommutationCplt                          build/stm32f1xx_hal_tim_ex.o
                                                  build/stm32f1xx_hal_tim.o
TIMEx_DMACommutationHalfCplt                      build/stm32f1xx_hal_tim_ex.o
                                                  build/stm32f1xx_hal_tim.o
TIM_Base_SetConfig                                build/stm32f1xx_hal_tim.o
                                                  build/stm32f1xx_hal_tim_ex.o
TIM_CCxChannelCmd                                 build/stm32f1xx_hal_tim.o
                                                  build/stm32f1xx_hal_tim_ex.o
TIM_DMACaptureCplt                                build/stm32f1xx_hal_tim.o
                                                  build/stm32f1xx_hal_tim_ex.o
TIM_DMACaptureHalfCplt                            build/stm32f1xx_hal_tim.o
                                                  build/stm32f1xx_hal_tim_ex.o
TIM_DMADelayPulseHalfCplt                         build/stm32f1xx_hal_tim.o
                                                  build/stm32f1xx_hal_tim_ex.o
TIM_DMAError                                      build/stm32f1xx_hal_tim.o
                                                  build/stm32f1xx_hal_tim_ex.o
TIM_ETR_SetConfig                                 build/stm32f1xx_hal_tim.o
TIM_OC2_SetConfig                                 build/stm32f1xx_hal_tim.o
                                                  build/stm32f1xx_hal_tim_ex.o
TIM_TI1_SetConfig                                 build/stm32f1xx_hal_tim.o
                                                  build/stm32f1xx_hal_tim_ex.o
USART1_IRQHandler                                 build/startup_stm32f103x6.o
USART2_IRQHandler                                 build/startup_stm32f103x6.o
USBWakeUp_IRQHandler                              build/startup_stm32f103x6.o
USB_HP_CAN1_TX_IRQHandler                         build/startup_stm32f103x6.o
USB_LP_CAN1_RX0_IRQHandler                        build/startup_stm32f103x6.o
UsageFault_Handler                                build/stm32f1xx_it.o
WWDG_IRQHandler                                   build/startup_stm32f103x6.o
_Min_Stack_Size                                   build/sysmem.o
__bss_end__                                       c:/arm-gcc/bin/../lib/gcc/arm-none-eabi/10.3.1/../../../../arm-none-eabi/lib/thumb/v7-m/nofp/crt0.o
__bss_start__                                     c:/arm-gcc/bin/../lib/gcc/arm-none-eabi/10.3.1/../../../../arm-none-eabi/lib/thumb/v7-m/nofp/crt0.o
__call_exitprocs                                  c:/arm-gcc/bin/../lib/gcc/arm-none-eabi/10.3.1/../../../../arm-none-eabi/lib/thumb/v7-m/nofp\libc_nano.a(lib_a-exit.o)
__deregister_frame_info                           c:/arm-gcc/bin/../lib/gcc/arm-none-eabi/10.3.1/thumb/v7-m/nofp/crtbegin.o
__dso_handle                                      c:/arm-gcc/bin/../lib/gcc/arm-none-eabi/10.3.1/thumb/v7-m/nofp/crtbegin.o
__env                                             build/syscalls.o
__errno                                           c:/arm-gcc/bin/../lib/gcc/arm-none-eabi/10.3.1/../../../../arm-none-eabi/lib/thumb/v7-m/nofp\libc_nano.a(lib_a-errno.o)
                                                  build/syscalls.o
                                                  build/sysmem.o
__init_array_end                                  c:/arm-gcc/bin/../lib/gcc/arm-none-eabi/10.3.1/../../../../arm-none-eabi/lib/thumb/v7-m/nofp\libc_nano.a(lib_a-init.o)
__init_array_start                                c:/arm-gcc/bin/../lib/gcc/arm-none-eabi/10.3.1/../../../../arm-none-eabi/lib/thumb/v7-m/nofp\libc_nano.a(lib_a-init.o)
__io_getchar                                      build/syscalls.o
__io_putchar                                      build/syscalls.o
__libc_fini_array                                 c:/arm-gcc/bin/../lib/gcc/arm-none-eabi/10.3.1/../../../../arm-none-eabi/lib/thumb/v7-m/nofp/crt0.o
__libc_init_array                                 c:/arm-gcc/bin/../lib/gcc/arm-none-eabi/10.3.1/../../../../arm-none-eabi/lib/thumb/v7-m/nofp\libc_nano.a(lib_a-init.o)
                                                  build/startup_stm32f103x6.o
                                                  c:/arm-gcc/bin/../lib/gcc/arm-none-eabi/10.3.1/../../../../arm-none-eabi/lib/thumb/v7-m/nofp/crt0.o
__preinit_array_end                               c:/arm-gcc/bin/../lib/gcc/arm-none-eabi/10.3.1/../../../../arm-none-eabi/lib/thumb/v7-m/nofp\libc_nano.a(lib_a-init.o)
__preinit_array_start                             c:/arm-gcc/bin/../lib/gcc/arm-none-eabi/10.3.1/../../../../arm-none-eabi/lib/thumb/v7-m/nofp\libc_nano.a(lib_a-init.o)
__register_frame_info                             c:/arm-gcc/bin/../lib/gcc/arm-none-eabi/10.3.1/thumb/v7-m/nofp/crtbegin.o
__sf_fake_stderr                                  c:/arm-gcc/bin/../lib/gcc/arm-none-eabi/10.3.1/../../../../arm-none-eabi/lib/thumb/v7-m/nofp\libc_nano.a(lib_a-impure.o)
__sf_fake_stdin                                   c:/arm-gcc/bin/../lib/gcc/arm-none-eabi/10.3.1/../../../../arm-none-eabi/lib/thumb/v7-m/nofp\libc_nano.a(lib_a-impure.o)
__sf_fake_stdout                                  c:/arm-gcc/bin/../lib/gcc/arm-none-eabi/10.3.1/../../../../arm-none-eabi/lib/thumb/v7-m/nofp\libc_nano.a(lib_a-impure.o)
__stack                                           c:/arm-gcc/bin/../lib/gcc/arm-none-eabi/10.3.1/../../../../arm-none-eabi/lib/thumb/v7-m/nofp/crt0.o
_close                                            build/syscalls.o
_ebss                                             build/startup_stm32f103x6.o
_edata                                            build/startup_stm32f103x6.o
_end                                              build/sysmem.o
_estack                                           build/startup_stm32f103x6.o
                                                  build/sysmem.o
_execve                                           build/syscalls.o
_exit                                             build/syscalls.o
                                                  c:/arm-gcc/bin/../lib/gcc/arm-none-eabi/10.3.1/../../../../arm-none-eabi/lib/thumb/v7-m/nofp\libc_nano.a(lib_a-exit.o)
_fini                                             c:/arm-gcc/bin/../lib/gcc/arm-none-eabi/10.3.1/thumb/v7-m/nofp/crti.o
_fork                                             build/syscalls.o
_fstat                                            build/syscalls.o
_getpid                                           build/syscalls.o
_global_impure_ptr                                c:/arm-gcc/bin/../lib/gcc/arm-none-eabi/10.3.1/../../../../arm-none-eabi/lib/thumb/v7-m/nofp\libc_nano.a(lib_a-impure.o)
                                                  c:/arm-gcc/bin/../lib/gcc/arm-none-eabi/10.3.1/../../../../arm-none-eabi/lib/thumb/v7-m/nofp\libc_nano.a(lib_a-exit.o)
_impure_ptr                                       c:/arm-gcc/bin/../lib/gcc/arm-none-eabi/10.3.1/../../../../arm-none-eabi/lib/thumb/v7-m/nofp\libc_nano.a(lib_a-impure.o)
                                                  c:/arm-gcc/bin/../lib/gcc/arm-none-eabi/10.3.1/../../../../arm-none-eabi/lib/thumb/v7-m/nofp\libc_nano.a(lib_a-errno.o)
_init                                             c:/arm-gcc/bin/../lib/gcc/arm-none-eabi/10.3.1/thumb/v7-m/nofp/crti.o
                                                  c:/arm-gcc/bin/../lib/gcc/arm-none-eabi/10.3.1/../../../../arm-none-eabi/lib/thumb/v7-m/nofp\libc_nano.a(lib_a-init.o)
_isatty                                           build/syscalls.o
_kill                                             build/syscalls.o
_link                                             build/syscalls.o
_lseek                                            build/syscalls.o
_mainCRTStartup                                   c:/arm-gcc/bin/../lib/gcc/arm-none-eabi/10.3.1/../../../../arm-none-eabi/lib/thumb/v7-m/nofp/crt0.o
_open                                             build/syscalls.o
_read                                             build/syscalls.o
_sbrk                                             build/sysmem.o
_sbss                                             build/startup_stm32f103x6.o
_sdata                                            build/startup_stm32f103x6.o
_sidata                                           build/startup_stm32f103x6.o
_stack_init                                       c:/arm-gcc/bin/../lib/gcc/arm-none-eabi/10.3.1/../../../../arm-none-eabi/lib/thumb/v7-m/nofp/crt0.o
_start                                            c:/arm-gcc/bin/../lib/gcc/arm-none-eabi/10.3.1/../../../../arm-none-eabi/lib/thumb/v7-m/nofp/crt0.o
_stat                                             build/syscalls.o
_times                                            build/syscalls.o
_unlink                                           build/syscalls.o
_wait                                             build/syscalls.o
_write                                            build/syscalls.o
atexit                                            c:/arm-gcc/bin/../lib/gcc/arm-none-eabi/10.3.1/../../../../arm-none-eabi/lib/thumb/v7-m/nofp/crt0.o
clear7SEG                                         build/led7seg.o
control_countdown                                 build/led7seg.o
control_countup                                   build/led7seg.o
current_display                                   build/main.o
display7SEG                                       build/led7seg.o
display_row                                       build/main.o
environ                                           build/syscalls.o
exit                                              c:/arm-gcc/bin/../lib/gcc/arm-none-eabi/10.3.1/../../../../arm-none-eabi/lib/thumb/v7-m/nofp\libc_nano.a(lib_a-exit.o)
                                                  c:/arm-gcc/bin/../lib/gcc/arm-none-eabi/10.3.1/../../../../arm-none-eabi/lib/thumb/v7-m/nofp/crt0.o
g_pfnVectors                                      build/startup_stm32f103x6.o
hardware_init_hook                                c:/arm-gcc/bin/../lib/gcc/arm-none-eabi/10.3.1/../../../../arm-none-eabi/lib/thumb/v7-m/nofp/crt0.o
hour                                              build/main.o
htim2                                             build/main.o
                                                  build/stm32f1xx_it.o
index_led                                         build/main.o
index_led_matrix                                  build/main.o
initialise_monitor_handles                        build/syscalls.o
led_buffer                                        build/main.o
                                                  build/led7seg.o
led_toggle                                        build/main.o
main                                              build/main.o
                                                  build/startup_stm32f103x6.o
                                                  c:/arm-gcc/bin/../lib/gcc/arm-none-eabi/10.3.1/../../../../arm-none-eabi/lib/thumb/v7-m/nofp/crt0.o
matrix_buffer                                     build/main.o
memset                                            c:/arm-gcc/bin/../lib/gcc/arm-none-eabi/10.3.1/../../../../arm-none-eabi/lib/thumb/v7-m/nofp\libc_nano.a(lib_a-memset.o)
                                                  build/main.o
                                                  c:/arm-gcc/bin/../lib/gcc/arm-none-eabi/10.3.1/../../../../arm-none-eabi/lib/thumb/v7-m/nofp/crt0.o
minute                                            build/main.o
pFlash                                            build/stm32f1xx_hal_flash.o
                                                  build/stm32f1xx_hal_flash_ex.o
second                                            build/main.o
set_timer                                         build/timer.o
                                                  build/main.o
software_init_hook                                c:/arm-gcc/bin/../lib/gcc/arm-none-eabi/10.3.1/../../../../arm-none-eabi/lib/thumb/v7-m/nofp/crt0.o
timerFLag                                         build/timer.o
                                                  build/main.o
timer_counter                                     build/timer.o
timer_run                                         build/timer.o
                                                  build/main.o
update7SEG                                        build/led7seg.o
                                                  build/main.o
updateClockBuffer                                 build/main.o
updateLEDMatrix                                   build/main.o
uwTick                                            build/stm32f1xx_hal.o
uwTickFreq                                        build/stm32f1xx_hal.o
uwTickPrio                                        build/stm32f1xx_hal.o
                                                  build/stm32f1xx_hal_rcc.o
